
> gym@0.0.0 test
> vitest run


[1m[46m RUN [49m[22m [36mv4.0.15 [39m[90mD:/Antigravity/Gym[39m

 [31mΓ¥»[39m src/components/AdminDashboard.test.jsx [2m([22m[2m2 tests[22m[2m | [22m[31m1 failed[39m[2m)[22m[33m 1307[2mms[22m[39m
     [32mΓ£ô[39m renders admin dashboard and fetches users[32m 132[2mms[22m[39m
[31m     [31m├ù[31m opens progress modal, displays date, and toggles plan[39m[33m 1171[2mms[22m[39m
npm : 
At line:1 char:1
+ npm test -- run > test_output.txt 2>&1
+ ~~~~~~~~~~~~~~~~~~~~~~~~~~~~~~~~~~~~~~
    + CategoryInfo          : NotSpecified: (:String) [], RemoteException
    + FullyQualifiedErrorId : NativeCommandError
 
[31mΓÄ»ΓÄ»ΓÄ»ΓÄ»ΓÄ»ΓÄ»ΓÄ»[39m[1m[41m Failed Tests 1 [49m[22m[31mΓÄ»ΓÄ»ΓÄ»ΓÄ»ΓÄ»ΓÄ»ΓÄ»[39m

[41m[1m FAIL [22m[49m src/components/AdminDashboard.test.jsx[2m > [22mAdminDashboard[2m > [22mopens progress modal, displays date, and toggles plan
[31m[1mError[22m[39m: [2mexpect([22m[31melement[39m[2m).not.toBeInTheDocument()[22m

[31mexpected document not to contain element, found <span
  class="ex-name"
>
  Squat
</span> instead[39m

Ignored nodes: comments, script, style
[36m<html>[39m
  [36m<head />[39m
  [36m<body>[39m
    [36m<div>[39m
      [36m<div[39m
        [33mclass[39m=[32m"dashboard"[39m
      [36m>[39m
        [36m<header[39m
          [33mclass[39m=[32m"dash-header"[39m
        [36m>[39m
          [36m<h1>[39m
            [0mAdmin Dashboard[0m
          [36m</h1>[39m
          [36m<button[39m
            [33mclass[39m=[32m"btn btn-outline"[39m
          [36m>[39m
            [0mLogout[0m
          [36m</button>[39m
        [36m</header>[39m
        [36m<div[39m
          [33mclass[39m=[32m"dash-grid"[39m
        [36m>[39m
          [36m<div[39m
            [33mclass[39m=[32m"dash-card"[39m
          [36m>[39m
            [36m<h2>[39m
              [0mCreate User[0m
            [36m</h2>[39m
            [36m<form[39m
              [33mclass[39m=[32m"dash-form"[39m
            [36m>[39m
              [36m<input[39m
                [33mplaceholder[39m=[32m"Username"[39m
                [33mvalue[39m=[32m""[39m
              [36m/>[39m
              [36m<input[39m
                [33mplaceholder[39m=[32m"Password"[39m
                [33mtype[39m=[32m"password"[39m
                [33mvalue[39m=[32m""[39m
              [36m/>[39m
              [36m<button[39m
                [33mclass[39m=[32m"btn btn-primary"[39m
                [33mtype[39m=[32m"submit"[39m
              [36m>[39m
                [0mAdd User[0m
              [36m</button>[39m
            [36m</form>[39m
            [36m<h3[39m
              [33mclass[39m=[32m"mt-4"[39m
            [36m>[39m
              [0mUsers List[0m
            [36m</h3>[39m
            [36m<ul[39m
              [33mclass[39m=[32m"user-list"[39m
            [36m>[39m
              [36m<li[39m
                [33mclass[39m=[32m"user-item"[39m
              [36m>[39m
                [36m<span>[39m
                  [0madmin[0m
                  [0m [0m
                  [36m<small>[39m
                    [0m([0m
                    [0madmin[0m
                    [0m)[0m
                  [36m</small>[39m
                [36m</span>[39m
              [36m</li>[39m
              [36m<li[39m
                [33mclass[39m=[32m"user-item"[39m
              [36m>[39m
                [36m<span>[39m
                  [0mtestuser[0m
                  [0m [0m
                  [36m<small>[39m
                    [0m([0m
                    [0muser[0m
                    [0m)[0m
                  [36m</small>[39m
                [36m</span>[39m
                [36m<button[39m
                  [33mclass[39m=[32m"btn-small btn-view"[39m
                  [33mtitle[39m=[32m"View Progress"[39m
                [36m>[39m
                  [0m≡ƒæü∩╕Å[0m
                [36m</button>[39m
              [36m</li>[39m
            [36m</ul>[39m
          [36m</div>[39m
          [36m<div[39m
            [33mclass[39m=[32m"dash-card"[39m
          [36m>[39m
            [36m<h2>[39m
              [0mAssign Training Plan[0m
            [36m</h2>[39m
            [36m<select[39m
              [33mclass[39m=[32m"full-width"[39m
            [36m>[39m
              [36m<option[39m
                [33mvalue[39m=[32m""[39m
              [36m>[39m
                [0mSelect User[0m
              [36m</option>[39m
              [36m<option[39m
                [33mvalue[39m=[32m"2"[39m
              [36m>[39m
                [0mtestuser[0m
              [36m</option>[39m
            [36m</select>[39m
            [36m<input[39m
              [33mclass[39m=[32m"full-width mt-2"[39m
              [33mplaceholder[39m=[32m"Plan Title (e.g., Leg Day)"[39m
              [33mvalue[39m=[32m""[39m
            [36m/>[39m
            [36m<div[39m
              [33mclass[39m=[32m"input-group mt-2"[39m
            [36m>[39m

[2m Test Files [22m [1m[31m1 failed[39m[22m[90m (1)[39m
[2m      Tests [22m [1m[31m1 failed[39m[22m[2m | [22m[1m[32m1 passed[39m[22m[90m (2)[39m
[2m   Start at [22m 16:00:27
[2m   Duration [22m 3.89s[2m (transform 157ms, setup 216ms, import 374ms, tests 1.31s, environment 1.54s)[22m

              [36m<label[39m
                [33mclass[39m=[32m"input-label"[39m
              [36m>[39m
                [0mStart Date:[0m
              [36m</label>[39m
              [36m<input[39m
                [33mclass[39m=[32m"full-width"[39m
                [33mmin[39m=[32m"2025-12-09"[39m
                [33mtype[39m=[32m"date"[39m
                [33mvalue[39m=[32m""[39m
              [36m/>[39m
            [36m</div>[39m
            [36m<div[39m
              [33mclass[39m=[32m"exercise-builder"[39m
            [36m>[39m
              [36m<h4>[39m
                [0mAdd Exercises[0m
              [36m</h4>[39m
              [36m<div[39m
                [33mclass[39m=[32m"ex-inputs"[39m
              [36m>[39m
                [36m<input[39m
                  [33mplaceholder[39m=[32m"Exercise Name"[39m
                  [33mvalue[39m=[32m""[39m
                [36m/>[39m
                [36m<input[39m
                  [33mplaceholder[39m=[32m"Sets"[39m
                  [33mvalue[39m=[32m""[39m
                [36m/>[39m
                [36m<input[39m
                  [33mplaceholder[39m=[32m"Reps"[39m
                  [33mvalue[39m=[32m""[39m
                [36m/>[39m
                [36m<input[39m
                  [33mplaceholder[39m=[32m"YouTube URL"[39m
                  [33mvalue[39m=[32m""[39m
                [36m/>[39m
                [36m<button[39m
                  [33mclass[39m=[32m"btn-small"[39m
                  [33mtype[39m=[32m"button"[39m
                [36m>[39m
                  [0m+[0m
                [36m</button>[39m
              [36m</div>[39m
              [36m<ul[39m
                [33mclass[39m=[32m"plan-preview"[39m
              [36m/>[39m
            [36m</div>[39m
            [36m<button[39m
              [33mclass[39m=[32m"btn btn-primary full-width mt-2"[39m
            [36m>[39m
              [0mAssign Plan[0m
            [36m</button>[39m
          [36m</div>[39m
        [36m</div>[39m
        [36m<div[39m
          [33mclass[39m=[32m"modal-overlay"[39m
        [36m>[39m
          [36m<div[39m
            [33mclass[39m=[32m"modal-content dash-card"[39m
          [36m>[39m
            [36m<div[39m
              [33mclass[39m=[32m"modal-header"[39m
            [36m>[39m
              [36m<h2>[39m
                [0mProgress: [0m
                [0mtestuser[0m
              [36m</h2>[39m
              [36m<button[39m
                [33mclass[39m=[32m"btn-close"[39m
              [36m>[39m
                [0mX[0m
              [36m</button>[39m
            [36m</div>[39m
            [36m<div[39m
              [33mclass[39m=[32m"user-plans-list"[39m
            [36m>[39m
              [36m<div[39m
                [33mclass[39m=[32m"plan-card "[39m
              [36m>[39m
                [36m<div[39m
                  [33mclass[39m=[32m"plan-header"[39m
                [36m>[39m
                  [36m<h3>[39m
                    [0mLeg Day[0m
                    [0m [0m
                    [36m<small>[39m
                      [0m([0m
                      [0m10/31/2025[0m
                      [0m)[0m
                    [36m</small>[39m
                  [36m</h3>[39m
                  [36m<div[39m
                    [33mclass[39m=[32m"header-actions"[39m
                  [36m>[39m
                    [36m<button[39m
                      [33mclass[39m=[32m"btn-small btn-repeat"[39m
                      [33mtitle[39m=[32m"Repeat this plan"[39m
                    [36m>[39m
                      [0mΓå╗ Repeat[0m
                    [36m</button>[39m
                    [36m<span[39m
                      [33mclass[39m=[32m"toggle-icon"[39m
                    [36m>[39m
                      [0mΓû▓[0m
                    [36m</span>[39m
                  [36m</div>[39m
                [36m</div>[39m
                [36m<div[39m
                  [33mclass[39m=[32m"exercise-list"[39m
                [36m>[39m
                  [36m<div[39m
                    [33mclass[39m=[32m"exercise-wrapper done-wrapper"[39m
                  [36m>[39m
                    [36m<div[39m
                      [33mclass[39m=[32m"exercise-item"[39m
                    [36m>[39m
                      [36m<input[39m
                        [33mchecked[39m=[32m""[39m
                        [33mreadonly[39m=[32m""[39m
                        [33mtype[39m=[32m"checkbox"[39m
                      [36m/>[39m
                      [36m<div[39m
                        [33mclass[39m=[32m"ex-details"[39m
                      [36m>[39m
                        [36m<span[39m
                          [33mclass[39m=[32m"ex-name"[39m
                        [36m>[39m
                          [0mSquat[0m
                        [36m</span>[39m
                        [36m<span[39m
                          [33mclass[39m=[32m"ex-meta"[39m
                        [36m>[39m
                          [0m3[0m
                          [0m Sets x [0m
                          [0m10[0m
                          [0m Reps[0m
                        [36m</span>[39m
                      [36m</div>[39m
                    [36m</div>[39m
                  [36m</div>[39m
                  [36m<div[39m
                    [33mclass[39m=[32m"exercise-wrapper "[39m
                  [36m>[39m
                    [36m<div[39m
                      [33mclass[39m=[32m"exercise-item"[39m
                    [36m>[39m
                      [36m<input[39m
                        [33mreadonly[39m=[32m""[39m
                        [33mtype[39m=[32m"checkbox"[39m
                      [36m/>[39m
                      [36m<div[39m
                        [33mclass[39m=[32m"ex-details"[39m
                      [36m>[39m
                        [36m<span[39m
                          [33mclass[39m=[32m"ex-name"[39m
                        [36m>[39m
                          [0mLunge[0m
                        [36m</span>[39m
                        [36m<span[39m
                          [33mclass[39m=[32m"ex-meta"[39m
                        [36m>[39m
                          [0m3[0m
                          [0m Sets x [0m
                          [0m12[0m
                          [0m Reps[0m
                        [36m</span>[39m
                      [36m</div>[39m
                    [36m</div>[39m
                  [36m</div>[39m
                [36m</div>[39m
              [36m</div>[39m
            [36m</div>[39m
          [36m</div>[39m
        [36m</div>[39m
      [36m</div>[39m
    [36m</div>[39m
  [36m</body>[39m
[36m</html>[39m
[36m [2mΓ¥»[22m src/components/AdminDashboard.test.jsx:[2m116:53[22m[39m
    [90m114| [39m        [90m// After click, should be hidden[39m
    [90m115| [39m        [35mawait[39m [34mwaitFor[39m(() [33m=>[39m {
    [90m116| [39m            expect(screen.queryByText('Squat')).not.toBeInTheDocument(ΓÇª
    [90m   | [39m                                                    [31m^[39m
    [90m117| [39m        })[33m;[39m
    [90m118| [39m
[90m [2mΓ¥»[22m runWithExpensiveErrorDiagnosticsDisabled node_modules/@testing-library/dom/dist/config.js:[2m47:12[22m[39m
[90m [2mΓ¥»[22m checkCallback node_modules/@testing-library/dom/dist/wait-for.js:[2m124:77[22m[39m
[90m [2mΓ¥»[22m Timeout.checkRealTimersCallback node_modules/@testing-library/dom/dist/wait-for.js:[2m118:16[22m[39m

[31m[2mΓÄ»ΓÄ»ΓÄ»ΓÄ»ΓÄ»ΓÄ»ΓÄ»ΓÄ»ΓÄ»ΓÄ»ΓÄ»ΓÄ»ΓÄ»ΓÄ»ΓÄ»ΓÄ»ΓÄ»ΓÄ»ΓÄ»ΓÄ»ΓÄ»ΓÄ»ΓÄ»ΓÄ»[1/1]ΓÄ»[22m[39m

